[vanitycheats.xyz/index.html]
[backblue.gif]
[fade.gif]
[index.html]
[vanitycheats.xyz/img/background.jpg]
[vanitycheats.xyz/cdn-cgi/apps/head/DV75Rb3kN-TUm8WBbSFLPH_YH3U.js]
[vanitycheats.xyz/fonts/ionicons/stylesheet.css]
[vanitycheats.xyz/fonts/font-awesome.min.css]
[vanitycheats.xyz/css/page-loader.css]
[vanitycheats.xyz/css/bootstrap.min.css]
[vanitycheats.xyz/js/swiper/swiper-bundle.css]
[vanitycheats.xyz/js/vegas/vegas.min.css]
[vanitycheats.xyz/css/main.css]
[vanitycheats.xyz/js/vendor/modernizr-2.7.1.min.js]
[vanitycheats.xyz/cdn-cgi/challenge-platform/h/g/scripts/invisibled1a9.js]
[vanitycheats.xyz/img/logo.png]
[vanitycheats.xyz/forum/index.html]
[vanitycheats.xyz/faq/index.html]
[vanitycheats.xyz/forum/form/vanitycheats-invite-application.1/select.html]
[vanitycheats.xyz/img/vissu.jpg]
[vanitycheats.xyz/img/grenades.jpg]
[vanitycheats.xyz/img/inventorychanger.jpg]
[vanitycheats.xyz/img/aimbot.png]
[vanitycheats.xyz/img/visuals.png]
[vanitycheats.xyz/img/misc.png]
[vanitycheats.xyz/img/skins.png]
[vanitycheats.xyz/img/configs.png]
[vanitycheats.xyz/img/1months.png]
[vanitycheats.xyz/img/items/3month.png]
[vanitycheats.xyz/img/items/6month.png]
[vanitycheats.xyz/img/solo.jpg]
[vanitycheats.xyz/forum/store/index.html]
[vanitycheats.xyz/img/moderator.gif]
[vanitycheats.xyz/forum/store/vanitycheats-monthly.1/index.html]
[vanitycheats.xyz/forum/store/vanitycheats-3-months.3/index.html]
[vanitycheats.xyz/img/nohyper.png]
[vanitycheats.xyz/forum/store/vanitycheats-6-months.4/index.html]
[vanitycheats.xyz/img/riley.png]
[vanitycheats.xyz/img/lmaoxd.jpg]
[vanitycheats.xyz/js/bootstrap.min.js]
[kit.fontawesome.com/3bf9a947dc.js]
[vanitycheats.xyz/js/swiper/swiper-bundle.min.js]
[vanitycheats.xyz/js/rellax/rellax-custom.js]
[vanitycheats.xyz/js/axios/axios.min.js]
[vanitycheats.xyz/js/scroll-slider.js]
[vanitycheats.xyz/js/section-scroll.js]
[vanitycheats.xyz/js/scroll-anim.js]
[vanitycheats.xyz/js/main.js]
[vanitycheats.xyz/js/init-form.js]
[vanitycheats.xyz/index.html]
[vanitycheats.xyz/cdn-cgi/scripts/7d0fa10a/cloudflare-static/rocket-loader.min.js]
[vanitycheats.xyz/fonts/ionicons/ioniconsde33.eot]
[vanitycheats.xyz/fonts/ionicons/ioniconsde33.woff2]
[vanitycheats.xyz/fonts/ionicons/ioniconsde33.woff]
[vanitycheats.xyz/fonts/ionicons/ioniconsde33.ttf]
[vanitycheats.xyz/fonts/ionicons/stylesheet.css]
[vanitycheats.xyz/fonts/ionicons/ioniconsde33.svg]
[vanitycheats.xyz/fonts/fontawesome-webfont3e6e.eot]
[vanitycheats.xyz/fonts/fontawesome-webfontd41d.eot]
[vanitycheats.xyz/fonts/fontawesome-webfont3e6e.woff2]
[vanitycheats.xyz/fonts/fontawesome-webfont3e6e.woff]
[vanitycheats.xyz/fonts/fontawesome-webfont3e6e.ttf]
[vanitycheats.xyz/fonts/font-awesome.min.css]
[vanitycheats.xyz/css/page-loader.css]
[vanitycheats.xyz/css/bootstrap.min.css]
[vanitycheats.xyz/js/swiper/swiper-bundle.css]
[vanitycheats.xyz/fonts/fontawesome-webfont3e6e.svg]
[vanitycheats.xyz/js/vegas/overlays/02.png]
[vanitycheats.xyz/js/vegas/vegas.min.css]
[vanitycheats.xyz/css/main.css]
[vanitycheats.xyz/css/style-default.css]
[vanitycheats.xyz/js/vendor/modernizr-2.7.1.min.html]
[vanitycheats.xyz/forum/webmanifest.php]
[vanitycheats.xyz/forum/forums/-/index.rss]
[vanitycheats.xyz/forum/css9c70.css]
[vanitycheats.xyz/forum/styles/io_dark/fonts/icons/material-icons/fonts/materialdesignicons-webfonte910.woff2]
[vanitycheats.xyz/forum/styles/io_dark/fonts/icons/material-icons/css/materialdesignicons.min52ac.css]
[vanitycheats.xyz/forum/cssca53.css]
[vanitycheats.xyz/forum/js/xf/preamble.mind6e2.js]
[vanitycheats.xyz/forum/data/assets/logo/nedladdning.png]
[vanitycheats.xyz/forum/data/assets/logo/logo1.png]
[vanitycheats.xyz/forum/styles/io_dark/images/uix-brandmark.png]
[vanitycheats.xyz/forum/login/register.html]
[vanitycheats.xyz/forum/js/vendor/jquery/jquery-3.5.1.mind6e2.js]
[vanitycheats.xyz/forum/login/index.html]
[vanitycheats.xyz/forum/help/privacy-policy/index.html]
[vanitycheats.xyz/forum/js/vendor/vendor-compiledd6e2.js]
[vanitycheats.xyz/forum/help/index.html]
[vanitycheats.xyz/forum/lost-password/index.html]
[vanitycheats.xyz/forum/help/terms/index.html]
[vanitycheats.xyz/forum/js/DBTech/eCommerce/cart.mind6e2.js]
[vanitycheats.xyz/forum/js/xf/core-compiledd6e2.js]
[vanitycheats.xyz/forum/js/themehouse/io_dark/ripple.mind6e2.js]
[vanitycheats.xyz/forum/js/themehouse/global/20210125.mind6e2.js]
[vanitycheats.xyz/forum/js/themehouse/io_dark/index.mind6e2.js]
[vanitycheats.xyz/forum/js/themehouse/io_dark/vendor/hover-intent/jquery.hoverIntent.mind6e2.js]
[vanitycheats.xyz/forum/styles/io_dark/images/bg/2.jpg]
[vanitycheats.xyz/forum/styles/io_dark/images/bg/3.jpg]
[cdn.jsdelivr.net/npm/clipboard@2/dist/clipboard.min.js]
[vanitycheats.xyz/forum/js/themehouse/io_dark/defer.mind6e2.js]
[vanitycheats.xyz/forum/js/themehouse/io_dark/deferNodesCollapse.mind6e2.js]
[vanitycheats.xyz/forum/js/themehouse/io_dark/deferWidthToggle.mind6e2.js]
[vanitycheats.xyz/forum/index.html]
[vanitycheats.xyz/faq/fonts/ionicons/stylesheet.css]
[vanitycheats.xyz/faq/fonts/font-awesome.min.css]
[vanitycheats.xyz/faq/css/page-loader.css]
[vanitycheats.xyz/faq/css/bootstrap.min.css]
[vanitycheats.xyz/faq/js/swiper/swiper-bundle.css]
[vanitycheats.xyz/faq/js/vegas/vegas.min.css]
[vanitycheats.xyz/faq/css/main.css]
[vanitycheats.xyz/faq/js/vendor/modernizr-2.7.1.min.js]
[vanitycheats.xyz/faq/img/logo.png]
[vanitycheats.xyz/faq/img/background1.png]
[vanitycheats.xyz/faq/img/Visuals4.jpg]
[vanitycheats.xyz/faq/img/visuals5.jpg]
[vanitycheats.xyz/faq/js/bootstrap.min.js]
[vanitycheats.xyz/faq/js/swiper/swiper-bundle.min.js]
[vanitycheats.xyz/faq/js/rellax/rellax-custom.js]
[vanitycheats.xyz/faq/js/axios/axios.min.js]
[vanitycheats.xyz/faq/js/scroll-slider.js]
[vanitycheats.xyz/faq/js/section-scroll.js]
[vanitycheats.xyz/faq/js/scroll-anim.js]
[vanitycheats.xyz/faq/js/main.js]
[vanitycheats.xyz/faq/index.html]
[vanitycheats.xyz/forum/form/vanitycheats-invite-application.1/select.html]
[vanitycheats.xyz/faq/js/init-form.js]
[vanitycheats.xyz/forum/store/index.html]
[vanitycheats.xyz/forum/store/vanitycheats-monthly.1/index.html]
[vanitycheats.xyz/forum/store/vanitycheats-3-months.3/index.html]
[vanitycheats.xyz/forum/store/vanitycheats-6-months.4/index.html]
[vanitycheats.xyz/forum/css44c9.css]
[vanitycheats.xyz/fonts/ionicons/ioniconsde33.svg]
[vanitycheats.xyz/fonts/fontawesome-webfont3e6e.svg]
[vanitycheats.xyz/forum/store/index2679.html]
[vanitycheats.xyz/forum/styles/default/xenforo/reactions/emojione/sprite_sheet_emojione.png]
[vanitycheats.xyz/forum/admin.gif]
[vanitycheats.xyz/forum/css9c70.css]
[vanitycheats.xyz/forum/styles/io_dark/fonts/icons/material-icons/fonts/materialdesignicons-webfonte910.eot]
[vanitycheats.xyz/forum/styles/io_dark/fonts/icons/material-icons/fonts/materialdesignicons-webfontd41d.eot]
[vanitycheats.xyz/forum/styles/io_dark/fonts/icons/material-icons/fonts/materialdesignicons-webfonte910.woff]
[vanitycheats.xyz/forum/styles/io_dark/fonts/icons/material-icons/css/materialdesignicons.min52ac.css]
[vanitycheats.xyz/forum/styles/io_dark/fonts/icons/material-icons/fonts/materialdesignicons-webfonte910.ttf]
[vanitycheats.xyz/forum/styles/io_dark/io/images/swirl.png]
[vanitycheats.xyz/forum/cssca53.css]
[vanitycheats.xyz/forum/login/index.html]
[vanitycheats.xyz/forum/js/xf/login_signup.mind6e2.js]
[vanitycheats.xyz/forum/js/xf/password_box-compiledd6e2.js]
[vanitycheats.xyz/forum/login/register.html]
[vanitycheats.xyz/forum/lost-password/index.html]
[vanitycheats.xyz/forum/js/xf/captcha.mind6e2.js]
[vanitycheats.xyz/forum/tickets]
[vanitycheats.xyz/forum/help/cookies/index.html]
[vanitycheats.xyz/forum/help/terms/index.html]
[vanitycheats.xyz/forum/help/smilies/index.html]
[vanitycheats.xyz/forum/help/trophies/index.html]
[vanitycheats.xyz/forum/help/bb-codes/index.html]
[vanitycheats.xyz/forum/misc/contact]
[vanitycheats.xyz/forum/help/privacy-policy/index.html]
[vanitycheats.xyz/forum/help/index.html]
[vanitycheats.xyz/faq/fonts/ionicons/ioniconsde33.eot]
[vanitycheats.xyz/faq/fonts/ionicons/ioniconsde33.woff2]
[vanitycheats.xyz/faq/fonts/ionicons/ioniconsde33.woff]
[vanitycheats.xyz/faq/fonts/ionicons/ioniconsde33.ttf]
[vanitycheats.xyz/faq/fonts/ionicons/stylesheet.css]
[vanitycheats.xyz/faq/fonts/ionicons/ioniconsde33.svg]
[vanitycheats.xyz/faq/fonts/fontawesome-webfont3e6e.eot]
[vanitycheats.xyz/faq/fonts/fontawesome-webfontd41d.eot]
[vanitycheats.xyz/faq/fonts/fontawesome-webfont3e6e.woff2]
[vanitycheats.xyz/faq/fonts/fontawesome-webfont3e6e.woff]
[vanitycheats.xyz/faq/fonts/fontawesome-webfont3e6e.ttf]
[vanitycheats.xyz/faq/fonts/font-awesome.min.css]
[vanitycheats.xyz/faq/css/page-loader.css]
[vanitycheats.xyz/faq/css/bootstrap.min.css]
[vanitycheats.xyz/faq/js/swiper/swiper-bundle.css]
[vanitycheats.xyz/faq/fonts/fontawesome-webfont3e6e.svg]
[vanitycheats.xyz/faq/js/vegas/overlays/02.png]
[vanitycheats.xyz/faq/js/vegas/vegas.min.css]
[vanitycheats.xyz/faq/css/main.css]
[vanitycheats.xyz/faq/css/style-default.css]
[vanitycheats.xyz/faq/js/vendor/modernizr-2.7.1.min.html]
[vanitycheats.xyz/forum/store/index2679.html]
[vanitycheats.xyz/forum/css44c9.css]
[vanitycheats.xyz/forum/help/smilies/index.html]
[vanitycheats.xyz/forum/cssdf09.css]
[vanitycheats.xyz/cdn-cgi/l/email-protection.html]
[vanitycheats.xyz/forum/cssc5b0.css]
[vanitycheats.xyz/cdn-cgi/scripts/5c5dd728/cloudflare-static/email-decode.min.js]
[vanitycheats.xyz/forum/members/1/index.html]
[vanitycheats.xyz/forum/js/xf/lightbox-compiledd6e2.js]
[vanitycheats.xyz/forum/help/bb-codes/index.html]
[vanitycheats.xyz/forum/help/trophies/index.html]
[vanitycheats.xyz/forum/help/cookies/index.html]
[vanitycheats.xyz/forum/tickets.html]
[vanitycheats.xyz/forum/misc/contact.html]
[vanitycheats.xyz/faq/fonts/ionicons/ioniconsde33.svg]
[vanitycheats.xyz/faq/fonts/fontawesome-webfont3e6e.svg]
[vanitycheats.xyz/forum/cssdf09.css]
[vanitycheats.xyz/forum/cssc5b0.css]
[vanitycheats.xyz/cdn-cgi/l/email-protection.html]
[vanitycheats.xyz/forum/members/1/index.html]
[vanitycheats.xyz/forum/js/xf/code_block-compiledd6e2.js]
